RUN A1N (train) from data/train/forests/A1N.laz; log=data/seed_quality/logs/A1N.log
DONE A1N: 392,858 candidates, 22,752 critical, 53,063 non-tree.
RUN G4N (validation) from data/train/forests/G4N.laz; log=data/seed_quality/logs/G4N.log
DONE G4N: 293,705 candidates, 15,726 critical, 29,313 non-tree.
# E1a seed reliability/coverage data audit

- mode: pilot
- artifacts: 2
- train candidates: 392,858
- validation candidates: 293,705
- train critical targets: 22,752
- train non-tree targets: 53,063
- known-label rate: 100.000%
- critical-target rate: 6.369%
- train plots: A1N
- validation plots: G4N

## Gate

- selected_plots_present: **True**
- artifacts_nonempty: **True**
- dimensions_match: **True**
- all_supervised_trees_covered: **True**
- audit_sample_prepared: **True**
- no_plot_leakage: **True**
- no_group_leakage: **True**
- passed: **True**

Saved manifest: data/seed_quality/manifest.csv
Saved audit sample: data/seed_quality/audit_sample.csv
PASS: E1a seed data are ready for E1b MLP.
