[1/5] G4N
RUN G4N; log=data/gt_omission_diagnostics/logs/G4N.log
DONE G4N
[2/5] G4W
RUN G4W; log=data/gt_omission_diagnostics/logs/G4W.log
DONE G4W
[3/5] L1N
RUN L1N; log=data/gt_omission_diagnostics/logs/L1N.log
DONE L1N
[4/5] O1N
RUN O1N; log=data/gt_omission_diagnostics/logs/O1N.log
DONE O1N
[5/5] O1W
RUN O1W; log=data/gt_omission_diagnostics/logs/O1W.log
DONE O1W
# Q3 复杂林分漏检树归因 Oracle

- 数据：固定 5 个 validation forests；未读取 Wytham。
- 诊断层级：语义 → base seed → HDBSCAN 初始簇 → 最终实例。
- 各类别 Oracle 仅表示完美恢复该类 FN 的检测上限。

## Baseline

| GT trees | TP | FP | FN | Completeness | Commission | F1 |
|---:|---:|---:|---:|---:|---:|---:|
| 1782 | 1633 | 275 | 149 | 91.639% | 14.413% | 88.509% |

## 漏检原因与单类恢复上限

| Category | Route | FN | Plots | Completeness gain | F1 gain |
|---|---|---:|---:|---:|---:|
| semantic_support_failure | semantic_recovery | 2 | 2 | +0.112 pp | +0.060 pp |
| base_seed_support_failure | seed_recovery | 31 | 5 | +1.740 pp | +0.929 pp |
| density_clustering_failure | density_aware_grouping | 0 | 0 | +0.000 pp | +0.000 pp |
| undersegmentation | instance_split | 73 | 5 | +4.097 pp | +2.163 pp |
| fragmentation | instance_merge | 41 | 4 | +2.301 pp | +1.225 pp |
| partial_or_localization | proposal_localization | 2 | 2 | +0.112 pp | +0.060 pp |

## 每森林

| Plot | GT | TP | FP | FN | Dominant omission |
|---|---:|---:|---:|---:|---|
| G4N | 318 | 282 | 35 | 36 | undersegmentation (15) |
| G4W | 585 | 545 | 50 | 40 | undersegmentation (18) |
| L1N | 453 | 431 | 90 | 22 | undersegmentation (10) |
| O1N | 160 | 152 | 11 | 8 | undersegmentation (7) |
| O1W | 266 | 223 | 89 | 43 | undersegmentation (23) |

## 决策

- 推荐类别：**undersegmentation**
- 推荐路线：**instance_split**
- 可执行类别：base_seed_support_failure, undersegmentation, fragmentation

## Gate

- expected_validation_plots: **True**
- no_wytham: **True**
- all_gt_accounted: **True**
- enough_omissions: **True**
- actionable_route_identified: **True**
- passed: **True**

PASS：只实现推荐路线的最小控制实验，不接触 Wytham。

