===== START Q4b1 seed 42 =====
[seed 42] epoch 005: loss=3.39469, F1=88.509%, gain=+0.000 pp, accepted=0
[seed 42] epoch 010: loss=2.89308, F1=88.509%, gain=+0.000 pp, accepted=0
[seed 42] epoch 015: loss=2.58557, F1=88.509%, gain=+0.000 pp, accepted=0
[seed 42] epoch 020: loss=2.33590, F1=88.509%, gain=+0.000 pp, accepted=0
[seed 42] epoch 025: loss=2.06371, F1=88.509%, gain=+0.000 pp, accepted=0
[seed 42] epoch 030: loss=1.83161, F1=88.571%, gain=+0.061 pp, accepted=16
[seed 42] epoch 035: loss=1.60911, F1=88.509%, gain=+0.000 pp, accepted=0
[seed 42] epoch 040: loss=1.43594, F1=88.558%, gain=+0.049 pp, accepted=10
[seed 42] epoch 045: loss=1.33551, F1=88.552%, gain=+0.043 pp, accepted=9
[seed 42] epoch 050: loss=1.17856, F1=88.523%, gain=+0.013 pp, accepted=18
[seed 42] epoch 055: loss=1.03117, F1=88.529%, gain=+0.020 pp, accepted=21
[seed 42] early stop at epoch 55; best epoch=30.
DONE seed 42: checkpoint=logs/coverage_preserving_quality/q4b1_split_heads/checkpoints/split_heads_seed42.pth, gain=+0.061 pp
===== START Q4b1 seed 43 =====
[seed 43] epoch 005: loss=3.02992, F1=88.509%, gain=+0.000 pp, accepted=0
[seed 43] epoch 010: loss=2.65461, F1=88.509%, gain=+0.000 pp, accepted=0
[seed 43] epoch 015: loss=2.36865, F1=88.509%, gain=+0.000 pp, accepted=0
[seed 43] epoch 020: loss=2.10773, F1=88.509%, gain=+0.000 pp, accepted=0
[seed 43] epoch 025: loss=1.86238, F1=88.607%, gain=+0.097 pp, accepted=20
[seed 43] epoch 030: loss=1.66325, F1=88.509%, gain=+0.000 pp, accepted=0
[seed 43] epoch 035: loss=1.44578, F1=88.509%, gain=+0.000 pp, accepted=0
[seed 43] epoch 040: loss=1.28346, F1=88.509%, gain=+0.000 pp, accepted=0
[seed 43] epoch 045: loss=1.13949, F1=88.509%, gain=+0.000 pp, accepted=0
[seed 43] epoch 050: loss=0.99284, F1=88.509%, gain=+0.000 pp, accepted=0
[seed 43] early stop at epoch 50; best epoch=25.
DONE seed 43: checkpoint=logs/coverage_preserving_quality/q4b1_split_heads/checkpoints/split_heads_seed43.pth, gain=+0.097 pp
===== START Q4b1 seed 44 =====
[seed 44] epoch 005: loss=3.11927, F1=88.509%, gain=+0.000 pp, accepted=0
[seed 44] epoch 010: loss=2.70513, F1=88.583%, gain=+0.074 pp, accepted=21
[seed 44] epoch 015: loss=2.39426, F1=88.509%, gain=+0.000 pp, accepted=0
[seed 44] epoch 020: loss=2.11158, F1=88.577%, gain=+0.067 pp, accepted=16
[seed 44] epoch 025: loss=1.87296, F1=88.509%, gain=+0.000 pp, accepted=0
[seed 44] epoch 030: loss=1.66486, F1=88.546%, gain=+0.036 pp, accepted=5
[seed 44] epoch 035: loss=1.50636, F1=88.509%, gain=+0.000 pp, accepted=0
[seed 44] early stop at epoch 35; best epoch=10.
DONE seed 44: checkpoint=logs/coverage_preserving_quality/q4b1_split_heads/checkpoints/split_heads_seed44.pth, gain=+0.074 pp
# Q4b1 Candidate + K + Safety 三头 MLP

- 数据：固定 13 个 train forests 与 5 个 validation forests。
- Wytham 未参与训练、checkpoint 或阈值选择。
- 参数量：18,821

| Seed | Epoch | Candidate AP | K accuracy | Safety AP | Accepted | F1 gain | Completeness drop | Commission increase | Pass |
|---:|---:|---:|---:|---:|---:|---:|---:|---:|---|
| 42 | 30 | 0.112044 | 0.898551 | 0.320324 | 16 | +0.061 pp | -0.337 pp | +0.178 pp | False |
| 43 | 25 | 0.095744 | 0.913043 | 0.296168 | 20 | +0.097 pp | -0.449 pp | +0.207 pp | False |
| 44 | 10 | 0.087485 | 0.898551 | 0.195895 | 21 | +0.074 pp | -0.449 pp | +0.252 pp | False |

## Aggregate

- F1 gain mean：+0.077 pp
- F1 gain std：0.018 pp

## Gate

- data_gate_passed: **True**
- locked_seed_present: **True**
- locked_seed_passed: **False**
- enough_seed_passes: **False**
- f1_seed_stability_passed: **True**
- passed: **False**

STOP：三头 MLP 不可部署，关闭实例拆分路线。
Traceback (most recent call last):
  File "/home/szu-stu/projects/zrx/code/TreeLearn/tools/training/train_instance_split_heads.py", line 710, in <module>
    main()
  File "/home/szu-stu/projects/zrx/code/TreeLearn/tools/training/train_instance_split_heads.py", line 706, in main
    run(args.config)
  File "/home/szu-stu/projects/zrx/code/TreeLearn/tools/training/train_instance_split_heads.py", line 697, in run
    raise RuntimeError(
RuntimeError: Q4b1 three-head gate failed; do not integrate splitting.
