2026-08-04 15:53:18,512 - INFO - Getting the shared pointwise predictions and ensemble...
2026-08-04 15:53:21,213 - INFO - Load test dataset: 1221 scans
2026-08-04 15:57:12,766 - INFO - NumPy ensemble reduced 82,315,474 overlapping tile points to 20,431,825 unique points in 73.0s
2026-08-04 15:57:12,976 - INFO - Loading Oracle ground truth from data/benchmark/L1W_voxelized01_for_eval.laz...
2026-08-04 15:57:14,250 - INFO - Loading original forest coordinates for production propagation...
2026-08-04 15:57:18,933 - INFO - Aligning GT labels to ensembled points...
2026-08-04 15:57:28,079 - INFO - Aligned 5,000,000/20,431,825 target points with 1-NN (24.5%).
2026-08-04 15:57:28,370 - INFO - Aligned 10,000,000/20,431,825 target points with 1-NN (48.9%).
2026-08-04 15:57:28,646 - INFO - Aligned 15,000,000/20,431,825 target points with 1-NN (73.4%).
2026-08-04 15:57:28,921 - INFO - Aligned 20,000,000/20,431,825 target points with 1-NN (97.9%).
2026-08-04 15:57:28,942 - INFO - Aligned 20,431,825/20,431,825 target points with 1-NN (100.0%).
2026-08-04 15:57:29,232 - INFO - Preparing production ensemble-to-original hash propagation...
2026-08-04 15:57:29,232 - INFO - Loading production hash mapping: data/pipeline/L1W/forest_voxelized0.1/L1W_hash_mapping.pkl
2026-08-04 15:58:24,216 - INFO - Loading saved baseline coordinates used by official evaluation: data/pipeline/L1W/results_seed_ratio_r100/full_forest/L1W.laz
2026-08-04 15:58:30,217 - INFO - Aligning saved original points to official GT with production 5-NN...
2026-08-04 15:59:57,584 - INFO - Production-aligned 5,000,000/20,434,648 target points with 5-NN (24.5%).
2026-08-04 16:00:19,178 - INFO - Production-aligned 10,000,000/20,434,648 target points with 5-NN (48.9%).
2026-08-04 16:00:33,743 - INFO - Production-aligned 15,000,000/20,434,648 target points with 5-NN (73.4%).
2026-08-04 16:00:50,961 - INFO - Production-aligned 20,000,000/20,434,648 target points with 5-NN (97.9%).
2026-08-04 16:00:51,980 - INFO - Production-aligned 20,434,648/20,434,648 target points with 5-NN (100.0%).
2026-08-04 16:01:36,479 - INFO - Official saved baseline evaluation reproduced exactly: TP=156, FP=5, FN=0.
2026-08-04 16:01:37,939 - INFO - Oracle GT alignment and legacy base targets are ready.
2026-08-04 16:01:41,024 - INFO - ===== START baseline clustering =====
2026-08-04 16:01:41,166 - INFO - Clustering 325,596 seed points in 2D (base seeds: 325,596, upper seeds: 0)
2026-08-04 16:04:27,295 - INFO - Clustering finished in 166.1s
2026-08-04 16:07:47,926 - INFO - Assigned 16,382,737 remaining points in 199.9s (chunk size: 200,000)
2026-08-04 16:08:33,316 - INFO - DONE baseline: F1=98.423%, Commission=3.106%
2026-08-04 16:08:33,316 - INFO - ===== START oracle_global clustering =====
2026-08-04 16:08:33,454 - INFO - Confidence-filtered base seeds from 325,596 to 253,965 (top-ratio: 0.780)
2026-08-04 16:08:33,485 - INFO - Clustering 253,965 seed points in 2D (base seeds: 253,965, upper seeds: 0)
2026-08-04 16:10:14,646 - INFO - Clustering finished in 101.1s
2026-08-04 16:13:44,374 - INFO - Assigned 16,453,719 remaining points in 209.0s (chunk size: 200,000)
2026-08-04 16:14:26,192 - INFO - DONE oracle_global: F1=94.389%, Commission=2.721%
2026-08-04 16:14:26,192 - INFO - ===== START oracle_balanced clustering =====
2026-08-04 16:14:26,331 - INFO - Confidence-filtered base seeds from 325,596 to 253,965 (top-ratio: 0.780)
2026-08-04 16:14:26,361 - INFO - Clustering 253,965 seed points in 2D (base seeds: 253,965, upper seeds: 0)
2026-08-04 16:16:07,386 - INFO - Clustering finished in 101.0s
2026-08-04 16:19:31,486 - INFO - Assigned 16,453,719 remaining points in 203.4s (chunk size: 200,000)
2026-08-04 16:20:13,341 - INFO - DONE oracle_balanced: F1=94.389%, Commission=2.721%
2026-08-04 16:20:13,341 - INFO - ===== START random seed 42 clustering =====
2026-08-04 16:20:13,464 - INFO - Confidence-filtered base seeds from 325,596 to 253,965 (random-ratio: 0.780, seed: 42)
2026-08-04 16:20:13,496 - INFO - Clustering 253,965 seed points in 2D (base seeds: 253,965, upper seeds: 0)
2026-08-04 16:21:56,989 - INFO - Clustering finished in 103.4s
2026-08-04 16:25:19,080 - INFO - Assigned 16,452,953 remaining points in 201.4s (chunk size: 200,000)
2026-08-04 16:26:01,579 - INFO - DONE random seed 42: F1=98.734%, Commission=2.500%
2026-08-04 16:26:01,580 - INFO - ===== START random seed 43 clustering =====
2026-08-04 16:26:01,704 - INFO - Confidence-filtered base seeds from 325,596 to 253,965 (random-ratio: 0.780, seed: 43)
2026-08-04 16:26:01,736 - INFO - Clustering 253,965 seed points in 2D (base seeds: 253,965, upper seeds: 0)
2026-08-04 16:27:44,445 - INFO - Clustering finished in 102.7s
2026-08-04 16:31:05,988 - INFO - Assigned 16,452,975 remaining points in 200.8s (chunk size: 200,000)
2026-08-04 16:31:49,858 - INFO - DONE random seed 43: F1=99.048%, Commission=1.887%
2026-08-04 16:31:49,858 - INFO - ===== START random seed 44 clustering =====
2026-08-04 16:31:49,981 - INFO - Confidence-filtered base seeds from 325,596 to 253,965 (random-ratio: 0.780, seed: 44)
2026-08-04 16:31:50,013 - INFO - Clustering 253,965 seed points in 2D (base seeds: 253,965, upper seeds: 0)
2026-08-04 16:33:34,134 - INFO - Clustering finished in 104.1s
2026-08-04 16:36:57,112 - INFO - Assigned 16,452,871 remaining points in 202.3s (chunk size: 200,000)
2026-08-04 16:37:40,777 - INFO - DONE random seed 44: F1=98.734%, Commission=2.500%
