Namespace(config='configs/experiments/sparse_attention_unet/train_t1_m2_selective_kernel_seed42.yaml', resume=None, work_dir=None, dist=False)
2026-08-15 03:31:13,760 - INFO - Config:
Munch({'seed': 42, 'model': Munch({'kernel_size': 3, 'channels': 32, 'num_blocks': 7, 'use_feats': False, 'use_coords': False, 'dim_coord': 3, 'dim_feat': 1, 'max_num_points_per_voxel': 3, 'fixed_modules': [], 'spatial_shape': [500, 500, 1000], 'voxel_size': 0.1, 'use_upper_anchor': False, 'upper_offset_loss_weight': 1.0, 'axis_loss_weight': 0.1, 'offset_loss_type': 'smooth_l1', 'smooth_l1_beta': 1.0, 'use_axis_branch': False, 'axis_target_mode': 'upper_axis', 'axis_branch_type': 'point_transformer', 'axis_hidden_dim': 32, 'axis_num_neighbors': 8, 'axis_support_voxel_size': 0.4, 'axis_max_support_points': 32768, 'axis_query_chunk_size': 8192, 'axis_gradient_checkpointing': True, 'axis_tree_conf_thresh': 0.5, 'axis_log_variance_min': -4.0, 'axis_log_variance_max': 4.0, 'axis_branch_only': True, 'axis_loss_mode': 'heteroscedastic', 'axis_confidence_loss_weight': 0.1, 'use_height_context_adapter': False, 'height_context_type': 'attention', 'height_hidden_dim': 32, 'height_num_bins': 8, 'height_num_heads': 4, 'height_dropout': 0.1, 'height_quantile': 0.95, 'height_minimum_scale': 1.0, 'height_adapter_only': True, 'height_seed_identity_weight': 0.0, 'height_seed_identity_margin': 0.02, 'height_seed_tree_conf_thresh': 0.5, 'height_seed_tau_vert': 0.6, 'height_seed_tau_off': 4.0, 'height_seed_min_semantic_retention': 0.0, 'height_seed_membership_projection': False, 'height_seed_projection_margin': 0.001, 'height_seed_offset_membership_projection': False, 'height_seed_offset_projection_margin': 0.001, 'unet_enhancement': Munch({'enabled': True, 'type': 'selective_kernel', 'levels': [4, 5], 'residual_gamma_init': 0.0, 'return_attention_stats': True, 'hidden_ratio': 0.5, 'min_hidden_channels': 8, 'window_size': [4, 4, 4], 'num_heads': 4, 'ffn_ratio': 2.0, 'max_windows_per_chunk': 256}), 'unet_finetune': Munch({'enabled': True, 'freeze_input_conv': True, 'freeze_encoder': True, 'train_decoder_levels': [0, 1], 'train_heads': True, 'keep_frozen_batchnorm_eval': True, 'teacher_seed_preservation_weight': 0.0, 'measure_teacher_seed_mismatch': True, 'teacher_seed_tree_conf_thresh': 0.5, 'teacher_seed_tau_vert': 0.6, 'teacher_seed_tau_off': 4.0})}), 'dataset_train': Munch({'training': True, 'data_root': 'data/train/random_crops/npz', 'data_augmentations': Munch({'jitter': True, 'flip': True, 'rot': True, 'scaled': True, 'point_jitter': True}), 'inner_square_edge_length': 8, 'base_anchor_mode': 'legacy', 'base_anchor_height': 0.5, 'base_anchor_floor_quantile': 0.01, 'upper_anchor_mode': 'crown_median', 'upper_anchor_lower_ratio': 0.55, 'upper_anchor_upper_ratio': 0.75, 'upper_anchor_min_points': 3, 'stem_axis_lower_ratio': 0.1, 'stem_axis_upper_ratio': 0.5, 'stem_axis_num_bins': 4, 'stem_axis_verticality_threshold': 0.6, 'stem_axis_min_points_per_bin': 3, 'stem_axis_min_valid_bins': 3, 'upper_anchor_target_ratio': 0.65}), 'dataset_test': Munch({'training': False, 'data_root': 'data/val/tiles/npz', 'inner_square_edge_length': 8, 'base_anchor_mode': 'legacy', 'base_anchor_height': 0.5, 'base_anchor_floor_quantile': 0.01, 'upper_anchor_mode': 'crown_median', 'upper_anchor_lower_ratio': 0.55, 'upper_anchor_upper_ratio': 0.75, 'upper_anchor_min_points': 3, 'stem_axis_lower_ratio': 0.1, 'stem_axis_upper_ratio': 0.5, 'stem_axis_num_bins': 4, 'stem_axis_verticality_threshold': 0.6, 'stem_axis_min_points_per_bin': 3, 'stem_axis_min_valid_bins': 3, 'upper_anchor_target_ratio': 0.65}), 'dataloader': Munch({'train': Munch({'batch_size': 1, 'num_workers': 2}), 'test': Munch({'batch_size': 1, 'num_workers': 2})}), 'gradient_accumulation_steps': 2, 'optimizer': Munch({'type': 'AdamW', 'lr': 0.001, 'weight_decay': 0.001, 'paramwise': Munch({'attention_lr': 0.001, 'head_lr': 0.001, 'decoder_lr': 0.0001})}), 'scheduler': Munch({'t_initial': 30, 'lr_min': 1e-05, 'cycle_decay': 1, 'warmup_lr_init': 1e-05, 'warmup_t': 5, 'cycle_limit': 1, 't_in_epochs': True}), 'epochs': 30, 'early_stopping_patience': 8, 'examples_per_epoch': 500, 'fp16': True, 'pretrain': 'data/model_weights/model_weights_with_small_20241213.pth', 'grad_norm_clip': 1.0, 'save_frequency': 5, 'validation_frequency': 1, 'work_dir': './work_dirs/train_t1_m2_selective_kernel_seed42'})
2026-08-15 03:31:13,760 - INFO - Mix precision training: True
2026-08-15 03:31:13,761 - INFO - Random seed: 42
2026-08-15 03:31:14,656 - INFO - U-Net tournament trainable parameters: 4,238,295/33,574,615 (12.624%).
2026-08-15 03:31:14,656 - INFO - U-Net trainable tensors: unet.u.u.u.u.post_enhancement.gamma, unet.u.u.u.u.post_enhancement.local_branch.weight, unet.u.u.u.u.post_enhancement.context_branch.weight, unet.u.u.u.u.post_enhancement.selector.0.weight, unet.u.u.u.u.post_enhancement.selector.0.bias, unet.u.u.u.u.post_enhancement.selector.2.weight, unet.u.u.u.u.post_enhancement.selector.2.bias, unet.u.u.u.u.u.post_enhancement.gamma, unet.u.u.u.u.u.post_enhancement.local_branch.weight, unet.u.u.u.u.u.post_enhancement.context_branch.weight, unet.u.u.u.u.u.post_enhancement.selector.0.weight, unet.u.u.u.u.u.post_enhancement.selector.0.bias, unet.u.u.u.u.u.post_enhancement.selector.2.weight, unet.u.u.u.u.u.post_enhancement.selector.2.bias, unet.u.deconv.0.weight, unet.u.deconv.0.bias, unet.u.deconv.2.weight, unet.u.blocks_tail.block0.i_branch.0.weight, unet.u.blocks_tail.block0.conv_branch.0.weight, unet.u.blocks_tail.block0.conv_branch.0.bias, unet.u.blocks_tail.block0.conv_branch.2.weight, unet.u.blocks_tail.block0.conv_branch.3.weight, unet.u.blocks_tail.block0.conv_branch.3.bias, unet.u.blocks_tail.block0.conv_branch.5.weight, unet.u.blocks_tail.block1.conv_branch.0.weight, unet.u.blocks_tail.block1.conv_branch.0.bias, unet.u.blocks_tail.block1.conv_branch.2.weight, unet.u.blocks_tail.block1.conv_branch.3.weight, unet.u.blocks_tail.block1.conv_branch.3.bias, unet.u.blocks_tail.block1.conv_branch.5.weight, unet.deconv.0.weight, unet.deconv.0.bias, unet.deconv.2.weight, unet.blocks_tail.block0.i_branch.0.weight, unet.blocks_tail.block0.conv_branch.0.weight, unet.blocks_tail.block0.conv_branch.0.bias, unet.blocks_tail.block0.conv_branch.2.weight, unet.blocks_tail.block0.conv_branch.3.weight, unet.blocks_tail.block0.conv_branch.3.bias, unet.blocks_tail.block0.conv_branch.5.weight, unet.blocks_tail.block1.conv_branch.0.weight, unet.blocks_tail.block1.conv_branch.0.bias, unet.blocks_tail.block1.conv_branch.2.weight, unet.blocks_tail.block1.conv_branch.3.weight, unet.blocks_tail.block1.conv_branch.3.bias, unet.blocks_tail.block1.conv_branch.5.weight, semantic_linear.0.weight, semantic_linear.0.bias, semantic_linear.1.weight, semantic_linear.1.bias, semantic_linear.3.weight, semantic_linear.3.bias, offset_linear.0.weight, offset_linear.0.bias, offset_linear.1.weight, offset_linear.1.bias, offset_linear.3.weight, offset_linear.3.bias
2026-08-15 03:31:14,656 - INFO - Optimizer group enhancement: lr=0.0010000, tensors=14
2026-08-15 03:31:14,656 - INFO - Optimizer group head: lr=0.0010000, tensors=12
2026-08-15 03:31:14,656 - INFO - Optimizer group decoder: lr=0.0001000, tensors=32
2026-08-15 03:31:14,672 - INFO - Load train dataset: 25000 scans
2026-08-15 03:31:14,672 - INFO - Load test dataset: 323 scans
2026-08-15 03:31:14,673 - INFO - Load pretrain from data/model_weights/model_weights_with_small_20241213.pth
2026-08-15 03:31:15,374 - INFO - missing keys in source state_dict: unet.u.u.u.u.post_enhancement.gamma, unet.u.u.u.u.post_enhancement.local_branch.weight, unet.u.u.u.u.post_enhancement.context_branch.weight, unet.u.u.u.u.post_enhancement.selector.0.weight, unet.u.u.u.u.post_enhancement.selector.0.bias, unet.u.u.u.u.post_enhancement.selector.2.weight, unet.u.u.u.u.post_enhancement.selector.2.bias, unet.u.u.u.u.u.post_enhancement.gamma, unet.u.u.u.u.u.post_enhancement.local_branch.weight, unet.u.u.u.u.u.post_enhancement.context_branch.weight, unet.u.u.u.u.u.post_enhancement.selector.0.weight, unet.u.u.u.u.u.post_enhancement.selector.0.bias, unet.u.u.u.u.u.post_enhancement.selector.2.weight, unet.u.u.u.u.u.post_enhancement.selector.2.bias
2026-08-15 03:31:16,745 - INFO - Loaded frozen official teacher for seed preservation (weight=0.0000, validation mismatch audit=True).
2026-08-15 03:31:16,745 - INFO - Training
[Exception|implicit_gemm_backward]feat=torch.Size([159771, 192]),w=torch.Size([96, 3, 3, 3, 192]),pair=torch.Size([27, 159771]),issubm=True,do=torch.Size([159771, 96])
SPCONV_DEBUG_SAVE_PATH not found, you can specify SPCONV_DEBUG_SAVE_PATH as debug data save path to save debug data which can be attached in a issue.
Traceback (most recent call last):
  File "/home/szu-stu/projects/zrx/code/TreeLearn/tools/training/train.py", line 736, in <module>
    main()
  File "/home/szu-stu/projects/zrx/code/TreeLearn/tools/training/train.py", line 651, in main
    train(
  File "/home/szu-stu/projects/zrx/code/TreeLearn/tools/training/train.py", line 79, in train
    scaler.scale(loss / accumulation_steps).backward()
  File "/home/szu-stu/miniconda3/envs/TreeLearn/lib/python3.10/site-packages/torch/_tensor.py", line 487, in backward
    torch.autograd.backward(
  File "/home/szu-stu/miniconda3/envs/TreeLearn/lib/python3.10/site-packages/torch/autograd/__init__.py", line 200, in backward
    Variable._execution_engine.run_backward(  # Calls into the C++ engine to run the backward pass
  File "/home/szu-stu/miniconda3/envs/TreeLearn/lib/python3.10/site-packages/torch/autograd/function.py", line 274, in apply
    return user_fn(self, *args)
  File "/home/szu-stu/miniconda3/envs/TreeLearn/lib/python3.10/site-packages/torch/autograd/function.py", line 522, in wrapper
    outputs = fn(ctx, *args)
  File "/home/szu-stu/miniconda3/envs/TreeLearn/lib/python3.10/site-packages/torch/cuda/amp/autocast_mode.py", line 123, in decorate_bwd
    return bwd(*args, **kwargs)
  File "/home/szu-stu/miniconda3/envs/TreeLearn/lib/python3.10/site-packages/spconv/pytorch/functional.py", line 287, in backward
    raise e
  File "/home/szu-stu/miniconda3/envs/TreeLearn/lib/python3.10/site-packages/spconv/pytorch/functional.py", line 262, in backward
    input_bp, filters_bp = ops.implicit_gemm_backward(
  File "/home/szu-stu/miniconda3/envs/TreeLearn/lib/python3.10/site-packages/spconv/pytorch/ops.py", line 1733, in implicit_gemm_backward
    ConvGemmOps.implicit_gemm_backward(
RuntimeError: TensorStorage /tmp/pip-build-env-ha4amc74/overlay/lib/python3.10/site-packages/cumm/include/tensorview/tensor.h:223
cuda failed with error 2 out of memory. use CUDA_LAUNCH_BLOCKING=1 to get correct traceback.

