2026-08-09 15:26:06,283 - INFO - Getting shared pointwise predictions and ensemble...
2026-08-09 15:26:09,062 - INFO - Load test dataset: 1221 scans
2026-08-09 15:30:01,338 - INFO - NumPy ensemble reduced 82,315,474 overlapping tile points to 20,431,825 unique points in 73.6s
2026-08-09 15:30:01,529 - INFO - Loading Oracle ground truth from data/benchmark/L1W_voxelized01_for_eval.laz...
2026-08-09 15:30:02,795 - INFO - Loading original forest coordinates for production propagation...
2026-08-09 15:30:07,368 - INFO - Aligning GT labels to ensembled points...
2026-08-09 15:30:16,457 - INFO - Aligned 5,000,000/20,431,825 target points with 1-NN (24.5%).
2026-08-09 15:30:16,783 - INFO - Aligned 10,000,000/20,431,825 target points with 1-NN (48.9%).
2026-08-09 15:30:17,072 - INFO - Aligned 15,000,000/20,431,825 target points with 1-NN (73.4%).
2026-08-09 15:30:17,368 - INFO - Aligned 20,000,000/20,431,825 target points with 1-NN (97.9%).
2026-08-09 15:30:17,386 - INFO - Aligned 20,431,825/20,431,825 target points with 1-NN (100.0%).
2026-08-09 15:30:17,676 - INFO - Preparing production ensemble-to-original hash propagation...
2026-08-09 15:30:17,676 - INFO - Loading production hash mapping: data/pipeline/L1W/forest_voxelized0.1/L1W_hash_mapping.pkl
2026-08-09 15:31:12,484 - INFO - Loading saved baseline coordinates used by official evaluation: data/pipeline/L1W/results_seed_ratio_r100/full_forest/L1W.laz
2026-08-09 15:31:16,745 - INFO - Aligning saved original points to official GT with production 5-NN...
2026-08-09 15:32:44,195 - INFO - Production-aligned 5,000,000/20,434,648 target points with 5-NN (24.5%).
2026-08-09 15:33:05,561 - INFO - Production-aligned 10,000,000/20,434,648 target points with 5-NN (48.9%).
2026-08-09 15:33:20,324 - INFO - Production-aligned 15,000,000/20,434,648 target points with 5-NN (73.4%).
2026-08-09 15:33:37,671 - INFO - Production-aligned 20,000,000/20,434,648 target points with 5-NN (97.9%).
2026-08-09 15:33:38,668 - INFO - Production-aligned 20,434,648/20,434,648 target points with 5-NN (100.0%).
2026-08-09 15:34:22,590 - INFO - Official saved baseline evaluation reproduced exactly: TP=156, FP=5, FN=0.
2026-08-09 15:34:52,633 - INFO - Selection preflight PASS: candidates=325,596, kept=253,965, unknown=151,361, mandatory=8,147.
2026-08-09 15:34:52,633 - INFO - ===== START baseline clustering =====
2026-08-09 15:34:52,777 - INFO - Clustering 325,596 seed points in 2D (base seeds: 325,596, upper seeds: 0)
2026-08-09 15:37:39,261 - INFO - Clustering finished in 166.4s
2026-08-09 15:41:04,237 - INFO - Assigned 16,382,737 remaining points in 204.3s (chunk size: 200,000)
2026-08-09 15:41:48,715 - INFO - ===== START oracle_masked clustering =====
2026-08-09 15:41:48,856 - INFO - Confidence-filtered base seeds from 325,596 to 253,965 (top-ratio: 0.780)
2026-08-09 15:41:48,887 - INFO - Clustering 253,965 seed points in 2D (base seeds: 253,965, upper seeds: 0)
2026-08-09 15:43:24,199 - INFO - Clustering finished in 95.3s
2026-08-09 15:46:49,979 - INFO - Assigned 16,453,825 remaining points in 205.1s (chunk size: 200,000)
2026-08-09 15:47:30,111 - INFO - DONE oracle_masked: F1=93.197%, Commission=0.725%
2026-08-09 15:47:30,111 - INFO - ===== START oracle_spatial clustering =====
2026-08-09 15:47:30,251 - INFO - Confidence-filtered base seeds from 325,596 to 253,965 (top-ratio: 0.780)
2026-08-09 15:47:30,281 - INFO - Clustering 253,965 seed points in 2D (base seeds: 253,965, upper seeds: 0)
2026-08-09 15:49:10,919 - INFO - Clustering finished in 100.6s
2026-08-09 15:52:35,892 - INFO - Assigned 16,453,756 remaining points in 204.3s (chunk size: 200,000)
2026-08-09 15:53:18,517 - INFO - DONE oracle_spatial: F1=100.000%, Commission=0.000%
2026-08-09 15:53:18,518 - INFO - ===== START random_spatial_s42 clustering =====
2026-08-09 15:53:18,661 - INFO - Confidence-filtered base seeds from 325,596 to 253,965 (top-ratio: 0.780)
2026-08-09 15:53:18,695 - INFO - Clustering 253,965 seed points in 2D (base seeds: 253,965, upper seeds: 0)
2026-08-09 15:55:02,245 - INFO - Clustering finished in 103.5s
2026-08-09 15:58:27,385 - INFO - Assigned 16,454,061 remaining points in 204.4s (chunk size: 200,000)
2026-08-09 15:59:10,611 - INFO - DONE random_spatial_s42: F1=99.048%, Commission=1.887%
2026-08-09 15:59:10,612 - INFO - ===== START random_spatial_s43 clustering =====
2026-08-09 15:59:10,759 - INFO - Confidence-filtered base seeds from 325,596 to 253,965 (top-ratio: 0.780)
2026-08-09 15:59:10,792 - INFO - Clustering 253,965 seed points in 2D (base seeds: 253,965, upper seeds: 0)
2026-08-09 16:00:54,200 - INFO - Clustering finished in 103.4s
2026-08-09 16:04:19,416 - INFO - Assigned 16,454,126 remaining points in 204.5s (chunk size: 200,000)
2026-08-09 16:05:02,959 - INFO - DONE random_spatial_s43: F1=98.734%, Commission=2.500%
2026-08-09 16:05:02,960 - INFO - ===== START random_spatial_s44 clustering =====
2026-08-09 16:05:03,099 - INFO - Confidence-filtered base seeds from 325,596 to 253,965 (top-ratio: 0.780)
2026-08-09 16:05:03,131 - INFO - Clustering 253,965 seed points in 2D (base seeds: 253,965, upper seeds: 0)
2026-08-09 16:06:46,424 - INFO - Clustering finished in 103.2s
2026-08-09 16:10:11,687 - INFO - Assigned 16,454,059 remaining points in 204.5s (chunk size: 200,000)
2026-08-09 16:10:54,948 - INFO - DONE random_spatial_s44: F1=99.363%, Commission=1.266%
