# Final exact evaluation metrics

| Run | Completeness | Commission | F1 | Precision | Recall | Coverage |
|---|---:|---:|---:|---:|---:|---:|
| l1w_base_r100 | 100.000000% | 3.105590% | 98.422713% | 98.914754% | 99.069591% | 98.022854% |
| l1w_random_r078_s42 | 100.000000% | 2.500000% | 98.734177% | 98.902628% | 99.060915% | 98.004658% |
| l1w_random_r078_s43 | 100.000000% | 1.886792% | 99.047619% | 98.894369% | 99.068669% | 98.004182% |
| l1w_random_r078_s44 | 100.000000% | 2.500000% | 98.734177% | 98.897533% | 99.068007% | 98.006861% |
| l1w_mlp_r078_s42 | 99.358974% | 0.000000% | 99.678457% | 98.482620% | 99.161466% | 97.679628% |
| l1w_mlp_r078_s43 | 100.000000% | 0.636943% | 99.680511% | 98.884292% | 99.080528% | 98.003633% |
| l1w_mlp_r078_s44 | 100.000000% | 0.000000% | 100.000000% | 98.844227% | 99.159506% | 98.038807% |
| l1w_pt_r078 | 97.435897% | 0.653595% | 98.381877% | 96.331485% | 99.143447% | 95.547769% |
| wytham_base | 64.766249% | 18.741059% | 72.081218% | 62.458914% | 80.493762% | 57.718038% |
| wytham_mlp_r078_s42 | 64.538198% | 12.519320% | 74.278215% | 60.008011% | 81.134613% | 56.715726% |
| wytham_mlp_r078_s43_locked | 64.538198% | 13.455657% | 73.938602% | 60.303821% | 80.910137% | 56.831393% |

## Multi-seed summaries

### l1w_random_r078

| Metric | Mean | Sample std |
|---|---:|---:|
| completeness | 100.000000% | 0.000000% |
| commission_error_rate | 2.295597% | 0.354036% |
| f1_score | 98.838658% | 0.180966% |
| precision | 98.898176% | 0.004167% |
| recall | 99.065864% | 0.004298% |
| coverage | 98.005234% | 0.001430% |

### l1w_mlp_r078

| Metric | Mean | Sample std |
|---|---:|---:|
| completeness | 99.786325% | 0.370096% |
| commission_error_rate | 0.212314% | 0.367739% |
| f1_score | 99.786323% | 0.185053% |
| precision | 98.737046% | 0.221249% |
| recall | 99.133833% | 0.046174% |
| coverage | 97.907356% | 0.198001% |

Saved JSON: logs/final_exact_metrics.json
Saved Markdown: logs/final_exact_metrics.md
