# E10 Validation 配对消融：Vertical-MLP vs Global-MLP

- Bootstrap：5000 次；同时重采样森林和训练 seed。
- 所有重采样均为配对重采样，两个模型使用相同森林和 seed。

| Metric | Global-MLP | Vertical-MLP | Paired delta | 95% CI |
|---|---:|---:|---:|---:|
| Commission area | 18.783% | 18.888% | -0.105 pp reduction | [-0.459, +0.315] |
| Detection F1 area | 85.202% | 85.027% | -0.175 pp | [-0.451, +0.137] |

## 每个训练 seed 的配对差值

| Seed | Commission area reduction | F1 area gain |
|---:|---:|---:|
| 42 | -0.035 pp | -0.099 pp |
| 43 | -0.197 pp | -0.255 pp |
| 44 | -0.081 pp | -0.172 pp |

## Gate

- commission_mean_improved: **False**
- f1_mean_improved: **False**
- commission_seed_wins: **False**
- f1_seed_wins: **False**
- passed: **False**

# E10 Wytham 锁定随机排序置换检验

- Wytham 不参与模型、比例网格或 Gate 参数选择。
- 随机排序置换：10000 次。

| Metric | Vertical-MLP observed | Random null mean | Random 95% interval | One-sided p |
|---|---:|---:|---:|---:|
| Commission area（越低越好） | 10.989% | 18.741% | [17.346%, 20.117%] | 0.000100 |
| Detection F1 area（越高越好） | 70.562% | 60.259% | [58.835%, 61.670%] | 0.000100 |

## Gate

- score_only_metadata_passed: **True**
- baseline_counts_reproduced: **True**
- commission_permutation_passed: **True**
- f1_permutation_passed: **True**
- passed: **True**

# E10 统计证据汇总

- Validation Vertical-vs-Global Commission-area reduction: -0.105 pp
- Validation Vertical-vs-Global F1-area gain: -0.175 pp
- Wytham Commission permutation p: 0.000100
- Wytham F1 permutation p: 0.000100

- Gate：**False**

STOP：不得声称垂直结构优于全局特征或具有跨域显著性。

Traceback (most recent call last):
  File "/home/szu-stu/projects/zrx/code/TreeLearn/tools/diagnostics/evaluate_quality_statistical_evidence.py", line 489, in <module>
    main()
  File "/home/szu-stu/projects/zrx/code/TreeLearn/tools/diagnostics/evaluate_quality_statistical_evidence.py", line 485, in main
    run(args.config)
  File "/home/szu-stu/projects/zrx/code/TreeLearn/tools/diagnostics/evaluate_quality_statistical_evidence.py", line 476, in run
    raise RuntimeError('E10 statistical evidence gate failed.')
RuntimeError: E10 statistical evidence gate failed.
