===== START global_wide seed 42 =====
DONE global_wide seed 42: epoch=46, FP-AP=0.988347, IoU-MAE=0.090422
===== START global_wide seed 43 =====
DONE global_wide seed 43: epoch=40, FP-AP=0.987487, IoU-MAE=0.090947
===== START global_wide seed 44 =====
DONE global_wide seed 44: epoch=37, FP-AP=0.988500, IoU-MAE=0.089824
===== START global_vertical_fusion seed 42 =====
DONE global_vertical_fusion seed 42: epoch=15, FP-AP=0.991901, IoU-MAE=0.089465
===== START global_vertical_fusion seed 43 =====
DONE global_vertical_fusion seed 43: epoch=15, FP-AP=0.991851, IoU-MAE=0.087365
===== START global_vertical_fusion seed 44 =====
DONE global_vertical_fusion seed 44: epoch=14, FP-AP=0.992465, IoU-MAE=0.088225
# E10b Global + Vertical 互补性验证

- 实例数：9402
- Global-Wide 参数：11,394
- Fusion 参数：11,842
- 参数差比例：3.783%

| Model | FP AP | IoU MAE | ROC-AUC | Spearman |
|---|---:|---:|---:|---:|
| global_wide | 0.988111 | 0.090398 | 0.992709 | 0.822146 |
| global_vertical_fusion | 0.992072 | 0.088352 | 0.995195 | 0.805056 |

## 固定 validation 选择性曲线差值

| Seed | Commission area reduction | F1 area gain |
|---:|---:|---:|
| 42 | +0.023 pp | -0.034 pp |
| 43 | +0.087 pp | +0.035 pp |
| 44 | -0.004 pp | -0.048 pp |

- Mean Commission-area reduction：+0.035 pp
- Mean F1-area gain：-0.015 pp

## Gate

- parameter_count_matched: **True**
- commission_mean_not_worse: **True**
- f1_mean_not_worse: **False**
- commission_seed_wins: **True**
- f1_seed_wins: **False**
- meaningful_effect_passed: **False**
- passed: **False**

STOP：垂直 token 未证明对全局质量特征有互补增益。

Traceback (most recent call last):
  File "/home/szu-stu/projects/zrx/code/TreeLearn/tools/training/train_global_vertical_fusion.py", line 514, in <module>
    main()
  File "/home/szu-stu/projects/zrx/code/TreeLearn/tools/training/train_global_vertical_fusion.py", line 510, in main
    run(args.config)
  File "/home/szu-stu/projects/zrx/code/TreeLearn/tools/training/train_global_vertical_fusion.py", line 500, in run
    raise RuntimeError(
RuntimeError: E10b fusion gate failed; stop the vertical-innovation route.
