===== E1 Oracle: l1w_sanity =====
Scanning 20,434,648 aligned GT/prediction points...
  processed 2,000,000/20,434,648 points (9.8%)
  processed 10,000,000/20,434,648 points (48.9%)
  processed 20,000,000/20,434,648 points (97.9%)
  processed 20,434,648/20,434,648 points (100.0%)
Built IoU table for 371 predictions and 156 GT trees.
# E1 Oracle IoU 上限：l1w_sanity

- baseline F1：98.422713%
- best Oracle F1：100.000000%
- F1 提升：1.577287 个百分点
- baseline Completeness：100.000000%
- best Completeness：100.000000%
- Oracle threshold：0.10
- Gate：**True**

| Threshold | Retained | TP | FP | FN | Completeness | Commission | F1 |
|---:|---:|---:|---:|---:|---:|---:|---:|
| 0.00 | 371 | 156 | 5 | 0 | 100.000000% | 3.105590% | 98.422713% |
| 0.05 | 157 | 156 | 1 | 0 | 100.000000% | 0.636943% | 99.680511% |
| 0.10 | 156 | 156 | 0 | 0 | 100.000000% | 0.000000% | 100.000000% |
| 0.15 | 156 | 156 | 0 | 0 | 100.000000% | 0.000000% | 100.000000% |
| 0.20 | 156 | 156 | 0 | 0 | 100.000000% | 0.000000% | 100.000000% |
| 0.25 | 156 | 156 | 0 | 0 | 100.000000% | 0.000000% | 100.000000% |
| 0.30 | 156 | 156 | 0 | 0 | 100.000000% | 0.000000% | 100.000000% |
| 0.35 | 156 | 156 | 0 | 0 | 100.000000% | 0.000000% | 100.000000% |
| 0.40 | 156 | 156 | 0 | 0 | 100.000000% | 0.000000% | 100.000000% |
| 0.45 | 156 | 156 | 0 | 0 | 100.000000% | 0.000000% | 100.000000% |
| 0.50 | 156 | 156 | 0 | 0 | 100.000000% | 0.000000% | 100.000000% |
| 0.55 | 156 | 156 | 0 | 0 | 100.000000% | 0.000000% | 100.000000% |
| 0.60 | 156 | 156 | 0 | 0 | 100.000000% | 0.000000% | 100.000000% |
| 0.65 | 156 | 156 | 0 | 0 | 100.000000% | 0.000000% | 100.000000% |
| 0.70 | 156 | 156 | 0 | 0 | 100.000000% | 0.000000% | 100.000000% |
| 0.75 | 156 | 156 | 0 | 0 | 100.000000% | 0.000000% | 100.000000% |
| 0.80 | 156 | 156 | 0 | 0 | 100.000000% | 0.000000% | 100.000000% |
| 0.85 | 156 | 156 | 0 | 0 | 100.000000% | 0.000000% | 100.000000% |
| 0.90 | 151 | 151 | 0 | 5 | 96.794872% | 0.000000% | 98.371336% |
| 0.95 | 144 | 144 | 0 | 12 | 92.307692% | 0.000000% | 96.000000% |
| 1.00 | 0 | 0 | 0 | 156 | 0.000000% | 0.000000% | 0.000000% |

PASS：可以进入 E2。

===== E1 Oracle: wytham_primary =====
Scanning 54,592,456 aligned GT/prediction points...
  processed 2,000,000/54,592,456 points (3.7%)
  processed 10,000,000/54,592,456 points (18.3%)
  processed 20,000,000/54,592,456 points (36.6%)
  processed 30,000,000/54,592,456 points (55.0%)
  processed 40,000,000/54,592,456 points (73.3%)
  processed 50,000,000/54,592,456 points (91.6%)
  processed 54,592,456/54,592,456 points (100.0%)
Built IoU table for 1,862 predictions and 877 GT trees.
# E1 Oracle IoU 上限：wytham_primary

- baseline F1：72.081218%
- best Oracle F1：78.615917%
- F1 提升：6.534699 个百分点
- baseline Completeness：64.766249%
- best Completeness：64.766249%
- Oracle threshold：0.50
- Gate：**True**

| Threshold | Retained | TP | FP | FN | Completeness | Commission | F1 |
|---:|---:|---:|---:|---:|---:|---:|---:|
| 0.00 | 1862 | 568 | 131 | 309 | 64.766249% | 18.741059% | 72.081218% |
| 0.05 | 696 | 568 | 116 | 309 | 64.766249% | 16.959064% | 72.773863% |
| 0.10 | 677 | 568 | 102 | 309 | 64.766249% | 15.223881% | 73.432450% |
| 0.15 | 667 | 568 | 92 | 309 | 64.766249% | 13.939394% | 73.910215% |
| 0.20 | 656 | 568 | 83 | 309 | 64.766249% | 12.749616% | 74.345550% |
| 0.25 | 643 | 568 | 72 | 309 | 64.766249% | 11.250000% | 74.884641% |
| 0.30 | 630 | 568 | 60 | 309 | 64.766249% | 9.554140% | 75.481728% |
| 0.35 | 618 | 568 | 49 | 309 | 64.766249% | 7.941653% | 76.037483% |
| 0.40 | 604 | 568 | 35 | 309 | 64.766249% | 5.804312% | 76.756757% |
| 0.45 | 586 | 568 | 18 | 309 | 64.766249% | 3.071672% | 77.648667% |
| 0.50 | 568 | 568 | 0 | 309 | 64.766249% | 0.000000% | 78.615917% |
| 0.55 | 542 | 542 | 0 | 335 | 61.801596% | 0.000000% | 76.391825% |
| 0.60 | 520 | 520 | 0 | 357 | 59.293044% | 0.000000% | 74.445240% |
| 0.65 | 491 | 491 | 0 | 386 | 55.986317% | 0.000000% | 71.783626% |
| 0.70 | 451 | 451 | 0 | 426 | 51.425314% | 0.000000% | 67.921687% |
| 0.75 | 412 | 412 | 0 | 465 | 46.978335% | 0.000000% | 63.925524% |
| 0.80 | 329 | 329 | 0 | 548 | 37.514253% | 0.000000% | 54.560531% |
| 0.85 | 226 | 226 | 0 | 651 | 25.769669% | 0.000000% | 40.979148% |
| 0.90 | 108 | 108 | 0 | 769 | 12.314709% | 0.000000% | 21.928934% |
| 0.95 | 20 | 20 | 0 | 857 | 2.280502% | 0.000000% | 4.459309% |
| 1.00 | 0 | 0 | 0 | 877 | 0.000000% | 0.000000% | 0.000000% |

PASS：可以进入 E2。

# E1 Oracle 汇总

- l1w_sanity: baseline F1=98.422713%, best F1=100.000000%, gate=True
- wytham_primary: baseline F1=72.081218%, best F1=78.615917%, gate=True

- Primary Gate：**True**

