Processing data/instance_quality_e8b/train/A1N.npz...
Processing data/instance_quality_e8b/train/A1W.npz...
Processing data/instance_quality_e8b/train/G1N.npz...
Processing data/instance_quality_e8b/train/G1W.npz...
Processing data/instance_quality_e8b/train/G2N.npz...
Processing data/instance_quality_e8b/train/G2W.npz...
Processing data/instance_quality_e8b/train/G3N.npz...
Processing data/instance_quality_e8b/train/G3W.npz...
Processing data/instance_quality_e8b/train/L2N.npz...
Processing data/instance_quality_e8b/train/L2W.npz...
Processing data/instance_quality_e8b/train/LG1.npz...
Processing data/instance_quality_e8b/train/LG2.npz...
Processing data/instance_quality_e8b/train/LG3.npz...
Processing data/instance_quality_e8b/validation/G4N.npz...
Processing data/instance_quality_e8b/validation/G4W.npz...
Processing data/instance_quality_e8b/validation/L1N.npz...
Processing data/instance_quality_e8b/validation/O1N.npz...
Processing data/instance_quality_e8b/validation/O1W.npz...
# E8b 邻接对数据审计：full

- 配对总数：8156
- 有效配对：8027
- 正配对：1602
- 负配对：6425
- 训练集正配对：1171
- 验证集正配对：431
- 低质量源实例邻居覆盖率：98.218%
- 低质量源实例正目标覆盖率：73.699%

## Gate

- enough_train_positive_pairs: **True**
- enough_validation_positive_pairs: **True**
- enough_negative_pairs: **True**
- neighbor_coverage_passed: **True**
- positive_source_coverage_passed: **True**
- all_features_finite: **True**
- no_plot_leakage: **True**
- passed: **True**

PASS

